utsunomiyanagi@utsunomiyanagikinoMacBook-Pro git_callenge % cd /Users/utsunomiyanagi/Desktop
utsunomiyanagi@utsunomiyanagikinoMacBook-Pro Desktop % mkdir git_callenge
utsunomiyanagi@utsunomiyanagikinoMacBook-Pro Desktop % cd git_callenge
utsunomiyanagi@utsunomiyanagikinoMacBook-Pro git_callenge % git init
Initialized empty Git repository in /Users/utsunomiyanagi/Desktop/git_callenge/.git/
utsunomiyanagi@utsunomiyanagikinoMacBook-Pro git_callenge % git add .
utsunomiyanagi@utsunomiyanagikinoMacBook-Pro git_callenge % echo "hallo,worl!" > hello_world.txt
dquote> "
hallo,worl > hello_world.txt
utsunomiyanagi@utsunomiyanagikinoMacBook-Pro git_callenge % echo hallo,worl > hello_world.txt
utsunomiyanagi@utsunomiyanagikinoMacBook-Pro git_callenge % git add /Users/utsunomiyanagi/Desktop/git_callenge/hello_world.txt
utsunomiyanagi@utsunomiyanagikinoMacBook-Pro git_callenge % git commit -m hallo,world
[main (root-commit) 759d8e7] hallo,world
 1 file changed, 1 insertion(+)
 create mode 100644 hello_world.txt
utsunomiyanagi@utsunomiyanagikinoMacBook-Pro git_callenge % git add /Users/utsunomiyanagi/Desktop/git_callenge/hello_world.txt
utsunomiyanagi@utsunomiyanagikinoMacBook-Pro git_callenge % git commit -m こんにちは、世界
[main 01ade5b] こんにちは、世界
 1 file changed, 2 insertions(+), 1 deletion(-)
utsunomiyanagi@utsunomiyanagikinoMacBook-Pro git_callenge % git log --oneline -- hello_world.txt
01ade5b (HEAD -> main) こんにちは、世界
759d8e7 hallo,world